// Jest Snapshot v1, https://goo.gl/fbAQLP

exports[`Help Text should render correctly 1`] = `ShallowWrapper {}`;
