// Jest Snapshot v1, https://goo.gl/fbAQLP

exports[`Home Text should render correctly 1`] = `ShallowWrapper {}`;
