// Jest Snapshot v1, https://goo.gl/fbAQLP

exports[`Intro Text should render correctly 1`] = `ShallowWrapper {}`;
