// Jest Snapshot v1, https://goo.gl/fbAQLP

exports[`Level2 System modal should render correctly 1`] = `ShallowWrapper {}`;
