// Jest Snapshot v1, https://goo.gl/fbAQLP

exports[`Level Transition Text (1) should render correctly 1`] = `ShallowWrapper {}`;
