// Jest Snapshot v1, https://goo.gl/fbAQLP

exports[`Level Coupling modal should render correctly 1`] = `ShallowWrapper {}`;
