// Jest Snapshot v1, https://goo.gl/fbAQLP

exports[`Level Cohesion modal should render correctly 1`] = `ShallowWrapper {}`;
