// Jest Snapshot v1, https://goo.gl/fbAQLP

exports[`Score Text should render correctly 1`] = `ShallowWrapper {}`;
