// Jest Snapshot v1, https://goo.gl/fbAQLP

exports[`Timer Ends Text should render correctly 1`] = `ShallowWrapper {}`;
