// Jest Snapshot v1, https://goo.gl/fbAQLP

exports[`Months Data should render correctly 1`] = `
<months
  name="months-test"
/>
`;
