// Jest Snapshot v1, https://goo.gl/fbAQLP

exports[`Button that exits and takes user to the Home Screen should render correctly 1`] = `ShallowWrapper {}`;
