// Jest Snapshot v1, https://goo.gl/fbAQLP

exports[`Button that opens the Help Screen should render correctly 1`] = `ShallowWrapper {}`;
