// Jest Snapshot v1, https://goo.gl/fbAQLP

exports[`Button that opens Level3 should render correctly 1`] = `ShallowWrapper {}`;
