// Jest Snapshot v1, https://goo.gl/fbAQLP

exports[`Button that exits and takes the user to the Home Screen (repeated button with different text) should render correctly 1`] = `ShallowWrapper {}`;
