// Jest Snapshot v1, https://goo.gl/fbAQLP

exports[`Button that opens Level2 (repeated button with different text)) should render correctly 1`] = `ShallowWrapper {}`;
