// Jest Snapshot v1, https://goo.gl/fbAQLP

exports[`Button that starts the game and takes user to the Intro Screen should render correctly 1`] = `ShallowWrapper {}`;
