// Jest Snapshot v1, https://goo.gl/fbAQLP

exports[`Droppable dropZones should render correctly 1`] = `
<DropZone
  name="dropZone-test"
/>
`;
