// Jest Snapshot v1, https://goo.gl/fbAQLP

exports[`Draggable items should render correctly 1`] = `
<Item
  name="item-test"
/>
`;
