// Jest Snapshot v1, https://goo.gl/fbAQLP

exports[`Level3Tips modals should render correctly 1`] = `ShallowWrapper {}`;
