// Jest Snapshot v1, https://goo.gl/fbAQLP

exports[`Level2Tips modals should render correctly 1`] = `ShallowWrapper {}`;
