// Jest Snapshot v1, https://goo.gl/fbAQLP

exports[`Data should render correctly 1`] = `
<data
  name="data-test"
/>
`;
