// Jest Snapshot v1, https://goo.gl/fbAQLP

exports[`Tips objects and arrays should render correctly 1`] = `
<tips
  name="tips-test"
/>
`;
