// Jest Snapshot v1, https://goo.gl/fbAQLP

exports[`Write Modal Component WriteModal should render correctly 1`] = `ShallowWrapper {}`;

exports[`Write Modal Component WriteModal2 should render correctly 1`] = `ShallowWrapper {}`;
