// Jest Snapshot v1, https://goo.gl/fbAQLP

exports[`Year View Component should render correctly 1`] = `ShallowWrapper {}`;
