// Jest Snapshot v1, https://goo.gl/fbAQLP

exports[`Forecast Data Component should render correctly 1`] = `ShallowWrapper {}`;
