// Jest Snapshot v1, https://goo.gl/fbAQLP

exports[`Today Data Component should render correctly 1`] = `ShallowWrapper {}`;
