// Jest Snapshot v1, https://goo.gl/fbAQLP

exports[`Confetti Animation should render correctly 1`] = `ShallowWrapper {}`;
