// Jest Snapshot v1, https://goo.gl/fbAQLP

exports[`Teacher Intro Screen Animation should render correctly 1`] = `ShallowWrapper {}`;
