// Jest Snapshot v1, https://goo.gl/fbAQLP

exports[`Month View Component should render correctly 1`] = `ShallowWrapper {}`;
